Bytes
[127, 69, 76, 70, 2, 1, 1, 0, 0, 0]

Bytes Until 0
[127, 69, 76, 70, 2, 1, 1]

Words
[17791, 17996, 258, 1, 0, 0, 0, 0, 2, 62]

Words Until 0
[17791, 17996, 258, 1]

DWords
[1179403647, 65794, 0, 0, 4063234, 1, 4195328, 0, 64, 0]

DWords Until 0
[1179403647, 65794]

QWords
[282584257676671, 0, 4299030530, 4195328, 64, 6432, 15762873573703680, 7881423906144265, 17179869190, 64]

QWords Until 0
[282584257676671]

Native Words
[282584257676671, 0, 4299030530, 4195328, 64, 6432, 15762873573703680, 7881423906144265, 17179869190, 64]

Native Words Until 0
[282584257676671]

Chars
['\x7f', 'E', 'L', 'F', '\x02', '\x01', '\x01', '\x00', '\x00', '\x00']

Chars Until \0
['\x7f', 'E', 'L', 'F', '\x02', '\x01', '\x01']

Read ascii string
'Hello, World!'

Get String
b'Hello, World!'
