Diffing generated and parsed phrases.
Any line printed indicates an error.


Done.
